=== CONTROL, before anything is broken ===
suite-inventory: clean - 180 tests across 5 suites, collected with @playwright/test 1.62.0, pytest 9.1.1
exit: 0

=== B1 a test is renamed and the inventory is not regenerated ===
suite-inventory: DRIFT
site/data/suites.json disagrees with what the collectors just reported for tests/unit, tests/api, tests/db or tests/playwright/tests/.
Run `make suite-inventory` and commit the result.
exit: 1

=== B2 the two copies of the db assertion disagree ===
suite-inventory: REFUSED
the two copies of the db assertion disagree about their checks.
  tests/db/assert_seed.py: ['table_exists', 'seed_row_present']
  app/scripts/assert_seed.py: ['table_exists', 'seed_row_exists']
They mirror each other on purpose; the cloud runs app/scripts/assert_seed.py.
exit: 1

=== B3 a suite collects zero tests (db: the list emptied) ===
suite-inventory: REFUSED
suite 'db' collected zero tests. Refusing to report zero.
exit: 1

=== B3b a pytest suite collects zero tests (files moved away) ===
suite-inventory: REFUSED
collector exited 5: .venv-api/bin/pytest tests/api --collect-only -q -p no:cacheprovider
--- stdout ---
no tests collected in 0.00s
--- stderr ---

exit: 1

=== B4 the machine's pytest is not the pinned one ===
suite-inventory: REFUSED
pytest version mismatch: the repository pins 9.1.0, this machine ran 9.1.1.
Collected inventories from two versions are not comparable, and the gate would report the difference as drift in the suites.
exit: 1

=== B5 a spec answers to a project from outside its directory ===
suite-inventory: REFUSED
spec tests/playwright/tests/nested/smoke/rogue.spec.ts runs in project 'smoke' but lives outside tests/playwright/tests/smoke. ADR-0025 binds the suite to the directory; the map would draw it in the wrong place.
exit: 1

=== B6 the map names a suite nothing can be asked about ===
suite-inventory: REFUSED
no collector for suite(s): contract. A suite the map draws and nothing can be asked about is exactly what this file exists to prevent.
exit: 1

=== CONTROL, after every break was restored ===
suite-inventory: clean - 180 tests across 5 suites, collected with @playwright/test 1.62.0, pytest 9.1.1
exit: 0

=== the refactored assertion actually runs (sqlite, both copies, both outcomes) ===
--- empty database ---
FAIL: table_exists - table 'demo_items' does not exist
SKIP: seed_row_exists (an earlier check failed)
exit: 1
--- seeded, tests/db copy ---
PASS: table_exists - table 'demo_items' exists
PASS: seed_row_exists - row name='seed-item-001' exists (id=1)
DB assertion: all checks passed
exit: 0
--- seeded, app/scripts copy (the one AWS runs) ---
PASS: table_exists - table 'demo_items' exists
PASS: seed_row_exists - row name='seed-item-001' exists (id=1)
DB assertion: all checks passed
exit: 0

=== the third host: the GitHub runner, run 31275719232 ===
local-ci The map's inventory still matches the suites 19:59:29 Run make suite-inventory-check
local-ci The map's inventory still matches the suites 19:59:34 suite-inventory: clean - 180 tests across 5 suites, collected with @playwright/test 1.62.0, pytest 9.1.1
(sandbox clone, devbox and runner collect the same 180 tests, byte-identical)

############ the results fold, broken on purpose ############
=== CONTROL, before anything is broken ===

9/9 result fixtures fold as expected
exit: 0

=== B1 the fold calls every suite passed ===
ok    a-test-the-inventory-does-not-have
ok    api-green-hand-written
FAIL  db-failed-then-skipped
      suite.db.stage.status: expected failed, got passed
ok    db-green
ok    no-node-for-this-environment
FAIL  no-server-everything-red
      suite.api.stage.status: expected failed, got passed
      suite.smoke.stage.status: expected failed, got passed
      suite.regression.stage.status: expected failed, got passed
ok    nothing-reported
FAIL  partial-run-is-incomplete
      suite.api.stage.status: expected incomplete, got passed
ok    truncated-playwright-report

results-check: 3 of 9 cases disagree with the fold
exit: 1

=== B2 a test the report never mentioned is quietly dropped ===
ok    a-test-the-inventory-does-not-have
ok    api-green-hand-written
ok    db-failed-then-skipped
ok    db-green
ok    no-node-for-this-environment
ok    no-server-everything-red
ok    nothing-reported
FAIL  partial-run-is-incomplete
      suite.api.stage.status: expected incomplete, got passed
      suite.api.stage.not_run: expected 49, got 0
ok    truncated-playwright-report

results-check: 1 of 9 cases disagree with the fold
exit: 1

=== B3 a test the inventory does not have is swallowed instead of named ===
FAIL  a-test-the-inventory-does-not-have
      unknown: expected {'suite.api.stage': ['test_something_nobody_collected']}, got {}
ok    api-green-hand-written
ok    db-failed-then-skipped
ok    db-green
ok    no-node-for-this-environment
ok    no-server-everything-red
ok    nothing-reported
ok    partial-run-is-incomplete
ok    truncated-playwright-report

results-check: 1 of 9 cases disagree with the fold
exit: 1

=== B4 the gate has no cases to check ===
results-check: REFUSED
tests/fixtures/results/cases does not exist.
exit: 1

=== CONTROL, after every break was restored ===

9/9 result fixtures fold as expected
exit: 0
