nohup: ignoring input
02:01:51 rds=[available] lock=ss-a9a983b4c9662b08 watchdog=null
02:03:54 rds=[available] lock=ss-a9a983b4c9662b08 watchdog=null
02:05:58 rds=[available] lock=ss-a9a983b4c9662b08 watchdog=null
02:08:01 rds=[available] lock=ss-a9a983b4c9662b08 watchdog=null
02:10:05 rds=[available] lock=ss-a9a983b4c9662b08 watchdog=null
02:12:08 rds=[available] lock=ss-a9a983b4c9662b08 watchdog=null
02:14:11 rds=[available] lock=ss-a9a983b4c9662b08 watchdog=null
02:16:15 rds=[available] lock=ss-a9a983b4c9662b08 watchdog=null
02:18:18 rds=[available] lock=ss-a9a983b4c9662b08 watchdog=null
02:20:21 rds=[available] lock=ss-a9a983b4c9662b08 watchdog=null
02:22:24 rds=[available] lock=ss-a9a983b4c9662b08 watchdog=null
02:24:27 rds=[available] lock=ss-a9a983b4c9662b08 watchdog=null
02:26:31 rds=[available] lock=ss-a9a983b4c9662b08 watchdog=null
02:28:34 rds=[available] lock=ss-a9a983b4c9662b08 watchdog=null
02:30:37 rds=[available] lock=ss-a9a983b4c9662b08 watchdog=null
02:32:40 rds=[available] lock=ss-a9a983b4c9662b08 watchdog=null
02:34:43 rds=[available] lock=ss-a9a983b4c9662b08 watchdog=null
02:36:47 rds=[available] lock=ss-a9a983b4c9662b08 watchdog=null
02:38:50 rds=[available] lock=ss-a9a983b4c9662b08 watchdog=null
02:40:54 rds=[available] lock=ss-a9a983b4c9662b08 watchdog=null
02:42:57 rds=[available] lock=ss-a9a983b4c9662b08 watchdog=null
02:45:01 rds=[available] lock=ss-a9a983b4c9662b08 watchdog=null
02:47:05 rds=[available] lock=ss-a9a983b4c9662b08 watchdog=null
02:49:08 rds=[available] lock=ss-a9a983b4c9662b08 watchdog=null
02:51:11 rds=[available] lock=ss-a9a983b4c9662b08 watchdog=null
02:53:15 rds=[available] lock=ss-a9a983b4c9662b08 watchdog=null
02:55:18 rds=[available] lock=ss-a9a983b4c9662b08 watchdog=null
02:57:21 rds=[available] lock=ss-a9a983b4c9662b08 watchdog=null
02:59:24 rds=[available] lock=ss-a9a983b4c9662b08 watchdog=null
03:01:28 rds=[available] lock=ss-a9a983b4c9662b08 watchdog={"ttl":{"N":"1786006871"},"scope":{"S":"ss-a9a983b4c9662b08"},"pk":{"S":"watchdog"},"dispatched_at":{"N":"1785985271"}}
03:03:31 rds=[available] lock=ss-a9a983b4c9662b08 watchdog={"ttl":{"N":"1786006871"},"scope":{"S":"ss-a9a983b4c9662b08"},"pk":{"S":"watchdog"},"dispatched_at":{"N":"1785985271"}}
03:05:34 rds=[available] lock=ss-a9a983b4c9662b08 watchdog={"ttl":{"N":"1786006871"},"scope":{"S":"ss-a9a983b4c9662b08"},"pk":{"S":"watchdog"},"dispatched_at":{"N":"1785985271"}}
03:07:37 rds=[available] lock=ss-a9a983b4c9662b08 watchdog={"ttl":{"N":"1786006871"},"scope":{"S":"ss-a9a983b4c9662b08"},"pk":{"S":"watchdog"},"dispatched_at":{"N":"1785985271"}}
03:09:41 rds=[available] lock=ss-a9a983b4c9662b08 watchdog={"ttl":{"N":"1786006871"},"scope":{"S":"ss-a9a983b4c9662b08"},"pk":{"S":"watchdog"},"dispatched_at":{"N":"1785985271"}}
03:11:44 rds=[available] lock=ss-a9a983b4c9662b08 watchdog={"ttl":{"N":"1786006871"},"scope":{"S":"ss-a9a983b4c9662b08"},"pk":{"S":"watchdog"},"dispatched_at":{"N":"1785985271"}}
03:13:47 rds=[available] lock=ss-a9a983b4c9662b08 watchdog={"ttl":{"N":"1786006871"},"scope":{"S":"ss-a9a983b4c9662b08"},"pk":{"S":"watchdog"},"dispatched_at":{"N":"1785985271"}}
03:15:50 rds=[available] lock=ss-a9a983b4c9662b08 watchdog={"ttl":{"N":"1786006871"},"scope":{"S":"ss-a9a983b4c9662b08"},"pk":{"S":"watchdog"},"dispatched_at":{"N":"1785985271"}}
03:17:53 rds=[deleting] lock=None watchdog=null
03:19:57 rds=[] lock=None watchdog=null
03:22:00 rds=[] lock=None watchdog=null
03:24:04 rds=[] lock=None watchdog=null
03:26:09 rds=[] lock=None watchdog=null
03:28:12 rds=[] lock=None watchdog=null
03:30:15 rds=[] lock=None watchdog=null
03:32:18 rds=[] lock=None watchdog=null
03:34:21 rds=[] lock=None watchdog=null
03:36:25 rds=[] lock=None watchdog=null
03:38:28 rds=[] lock=None watchdog=null
03:40:31 rds=[] lock=None watchdog=null
03:42:34 rds=[] lock=None watchdog=null
03:44:38 rds=[] lock=None watchdog=null
03:46:41 rds=[] lock=None watchdog=null
03:48:44 rds=[] lock=None watchdog=null
03:50:47 rds=[] lock=None watchdog=null
03:52:50 rds=[] lock=None watchdog=null
03:54:53 rds=[] lock=None watchdog=null
03:56:56 rds=[] lock=None watchdog=null
03:59:00 rds=[] lock=None watchdog=null
04:01:04 rds=[] lock=None watchdog=null
04:03:07 rds=[] lock=None watchdog=null
04:05:10 rds=[] lock=None watchdog=null
04:07:13 rds=[] lock=None watchdog=null
04:09:16 rds=[] lock=None watchdog=null
04:11:21 rds=[] lock=None watchdog=null
04:13:24 rds=[] lock=None watchdog=null
04:15:27 rds=[] lock=None watchdog=null
04:17:30 rds=[] lock=None watchdog=null
04:19:34 rds=[] lock=None watchdog=null
04:21:37 rds=[] lock=None watchdog=null
04:23:40 rds=[] lock=None watchdog=null
04:25:43 rds=[] lock=None watchdog=null
04:27:46 rds=[] lock=None watchdog=null
04:29:49 rds=[] lock=None watchdog=null
04:31:52 rds=[] lock=None watchdog=null
04:33:55 rds=[] lock=None watchdog=null
04:35:59 rds=[] lock=None watchdog=null
04:38:03 rds=[] lock=None watchdog=null
04:40:06 rds=[] lock=None watchdog=null
04:42:09 rds=[] lock=None watchdog=null
04:44:13 rds=[] lock=None watchdog=null
04:46:16 rds=[] lock=None watchdog=null
04:48:19 rds=[] lock=None watchdog=null
04:50:22 rds=[] lock=None watchdog=null
04:52:25 rds=[] lock=None watchdog=null
04:54:28 rds=[] lock=None watchdog=null
04:56:33 rds=[] lock=None watchdog=null
04:58:36 rds=[] lock=None watchdog=null
05:00:39 rds=[] lock=None watchdog=null
05:02:42 rds=[] lock=None watchdog=null
05:04:45 rds=[] lock=None watchdog=null
