failed to determine base repo: failed to run git: fatal: not a git repository (or any of the parent directories): .git

04:01:59 | alb=none | rds=none | ecs=none | sg=none | store=["count#2026-08-06","count#2026-08-05","count#2026-08-07"] | 
failed to determine base repo: failed to run git: fatal: not a git repository (or any of the parent directories): .git

04:02:34 | alb=none | rds=none | ecs=none | sg=none | store=["count#2026-08-06","count#2026-08-05","count#2026-08-07"] | 
failed to determine base repo: failed to run git: fatal: not a git repository (or any of the parent directories): .git

04:03:10 | alb=none | rds=none | ecs=none | sg=none | store=["count#2026-08-06","count#2026-08-05","count#2026-08-07"] | 
failed to determine base repo: failed to run git: fatal: not a git repository (or any of the parent directories): .git

04:03:46 | alb=none | rds=none | ecs=none | sg=none | store=["count#2026-08-06","count#2026-08-05","lock","count#2026-08-07"] | 
failed to determine base repo: failed to run git: fatal: not a git repository (or any of the parent directories): .git

04:04:21 | alb=none | rds=none | ecs=none | sg=none | store=["count#2026-08-06","count#2026-08-05","lock","count#2026-08-07"] | 
failed to determine base repo: failed to run git: fatal: not a git repository (or any of the parent directories): .git

04:04:57 | alb=none | rds=none | ecs=none | sg=aws-devops-sdet-demo-stage-alb-sg  | store=["count#2026-08-06","count#2026-08-05","lock","count#2026-08-07"] | 
failed to determine base repo: failed to run git: fatal: not a git repository (or any of the parent directories): .git

04:05:33 | alb=aws-devops-sdet-demo-stage-alb | rds=none | ecs=none | sg=aws-devops-sdet-demo-stage-alb-sg  | store=["count#2026-08-06","count#2026-08-05","lock","count#2026-08-07"] | 
failed to determine base repo: failed to run git: fatal: not a git repository (or any of the parent directories): .git

04:06:08 | alb=aws-devops-sdet-demo-stage-alb | rds=none | ecs=none | sg=aws-devops-sdet-demo-stage-alb-sg  | store=["count#2026-08-06","count#2026-08-05","lock","count#2026-08-07"] | 
failed to determine base repo: failed to run git: fatal: not a git repository (or any of the parent directories): .git

04:06:44 | alb=aws-devops-sdet-demo-stage-alb | rds=none | ecs=none | sg=aws-devops-sdet-demo-stage-alb-sg  | store=["count#2026-08-06","count#2026-08-05","lock","count#2026-08-07"] | 
failed to determine base repo: failed to run git: fatal: not a git repository (or any of the parent directories): .git

04:07:19 | alb=aws-devops-sdet-demo-stage-alb | rds=none | ecs=none | sg=aws-devops-sdet-demo-stage-alb-sg  | store=["count#2026-08-06","count#2026-08-05","lock","count#2026-08-07"] | 
failed to determine base repo: failed to run git: fatal: not a git repository (or any of the parent directories): .git

04:07:55 | alb=aws-devops-sdet-demo-stage-alb | rds=none | ecs=none | sg=aws-devops-sdet-demo-stage-alb-sg  | store=["count#2026-08-06","count#2026-08-05","lock","count#2026-08-07"] | 
failed to determine base repo: failed to run git: fatal: not a git repository (or any of the parent directories): .git

04:08:31 | alb=aws-devops-sdet-demo-stage-alb | rds=none | ecs=none | sg=aws-devops-sdet-demo-stage-alb-sg  | store=["count#2026-08-06","count#2026-08-05","lock","count#2026-08-07"] | 
failed to determine base repo: failed to run git: fatal: not a git repository (or any of the parent directories): .git

04:09:08 | alb=aws-devops-sdet-demo-stage-alb | rds=none | ecs=none | sg=aws-devops-sdet-demo-stage-alb-sg  | store=["count#2026-08-06","count#2026-08-05","lock","count#2026-08-07"] | 
failed to determine base repo: failed to run git: fatal: not a git repository (or any of the parent directories): .git

04:09:43 | alb=aws-devops-sdet-demo-stage-alb | rds=aws-devops-sdet-demo-stage-db	creating  | ecs=arn:aws:ecs:us-west-2:993912191738:cluster/aws-devops-sdet-demo-stage-cluster | sg=aws-devops-sdet-demo-stage-rds-sg	aws-devops-sdet-demo-stage-app-sg	aws-devops-sdet-demo-stage-alb-sg  | store=["count#2026-08-06","count#2026-08-05","lock","count#2026-08-07"] | 
failed to determine base repo: failed to run git: fatal: not a git repository (or any of the parent directories): .git

04:10:19 | alb=aws-devops-sdet-demo-stage-alb | rds=aws-devops-sdet-demo-stage-db	creating  | ecs=arn:aws:ecs:us-west-2:993912191738:cluster/aws-devops-sdet-demo-stage-cluster | sg=aws-devops-sdet-demo-stage-rds-sg	aws-devops-sdet-demo-stage-app-sg	aws-devops-sdet-demo-stage-alb-sg  | store=["count#2026-08-06","count#2026-08-05","lock","count#2026-08-07"] | 
failed to determine base repo: failed to run git: fatal: not a git repository (or any of the parent directories): .git

04:10:54 | alb=aws-devops-sdet-demo-stage-alb | rds=aws-devops-sdet-demo-stage-db	creating  | ecs=arn:aws:ecs:us-west-2:993912191738:cluster/aws-devops-sdet-demo-stage-cluster | sg=aws-devops-sdet-demo-stage-rds-sg	aws-devops-sdet-demo-stage-app-sg	aws-devops-sdet-demo-stage-alb-sg  | store=["count#2026-08-06","count#2026-08-05","lock","count#2026-08-07"] | 
failed to determine base repo: failed to run git: fatal: not a git repository (or any of the parent directories): .git

04:11:30 | alb=none | rds=aws-devops-sdet-demo-stage-db	creating  | ecs=arn:aws:ecs:us-west-2:993912191738:cluster/aws-devops-sdet-demo-stage-cluster | sg=aws-devops-sdet-demo-stage-app-sg	aws-devops-sdet-demo-stage-rds-sg	aws-devops-sdet-demo-stage-alb-sg  | store=["count#2026-08-06","count#2026-08-05","lock","count#2026-08-07"] | 
failed to determine base repo: failed to run git: fatal: not a git repository (or any of the parent directories): .git

04:12:07 | alb=none | rds=aws-devops-sdet-demo-stage-db	creating  | ecs=arn:aws:ecs:us-west-2:993912191738:cluster/aws-devops-sdet-demo-stage-cluster | sg=aws-devops-sdet-demo-stage-app-sg	aws-devops-sdet-demo-stage-rds-sg  | store=["count#2026-08-06","count#2026-08-05","lock","count#2026-08-07"] | 
failed to determine base repo: failed to run git: fatal: not a git repository (or any of the parent directories): .git

04:12:43 | alb=none | rds=aws-devops-sdet-demo-stage-db	creating  | ecs=arn:aws:ecs:us-west-2:993912191738:cluster/aws-devops-sdet-demo-stage-cluster | sg=aws-devops-sdet-demo-stage-app-sg	aws-devops-sdet-demo-stage-rds-sg  | store=["count#2026-08-06","count#2026-08-05","lock","count#2026-08-07"] | 
failed to determine base repo: failed to run git: fatal: not a git repository (or any of the parent directories): .git

04:13:19 | alb=none | rds=aws-devops-sdet-demo-stage-db	configuring-enhanced-monitoring  | ecs=arn:aws:ecs:us-west-2:993912191738:cluster/aws-devops-sdet-demo-stage-cluster | sg=aws-devops-sdet-demo-stage-app-sg	aws-devops-sdet-demo-stage-rds-sg  | store=["count#2026-08-06","count#2026-08-05","lock","count#2026-08-07"] | 
failed to determine base repo: failed to run git: fatal: not a git repository (or any of the parent directories): .git

04:13:55 | alb=none | rds=aws-devops-sdet-demo-stage-db	configuring-enhanced-monitoring  | ecs=arn:aws:ecs:us-west-2:993912191738:cluster/aws-devops-sdet-demo-stage-cluster | sg=aws-devops-sdet-demo-stage-app-sg	aws-devops-sdet-demo-stage-rds-sg  | store=["count#2026-08-06","count#2026-08-05","lock","count#2026-08-07"] | 
failed to determine base repo: failed to run git: fatal: not a git repository (or any of the parent directories): .git

04:14:30 | alb=none | rds=aws-devops-sdet-demo-stage-db	available  | ecs=arn:aws:ecs:us-west-2:993912191738:cluster/aws-devops-sdet-demo-stage-cluster | sg=aws-devops-sdet-demo-stage-app-sg	aws-devops-sdet-demo-stage-rds-sg  | store=["count#2026-08-06","count#2026-08-05","lock","count#2026-08-07"] | 
failed to determine base repo: failed to run git: fatal: not a git repository (or any of the parent directories): .git

04:15:08 | alb=none | rds=aws-devops-sdet-demo-stage-db	available  | ecs=arn:aws:ecs:us-west-2:993912191738:cluster/aws-devops-sdet-demo-stage-cluster | sg=aws-devops-sdet-demo-stage-app-sg	aws-devops-sdet-demo-stage-rds-sg  | store=["count#2026-08-06","count#2026-08-05","lock","count#2026-08-07"] | 
failed to determine base repo: failed to run git: fatal: not a git repository (or any of the parent directories): .git

04:15:43 | alb=none | rds=aws-devops-sdet-demo-stage-db	available  | ecs=arn:aws:ecs:us-west-2:993912191738:cluster/aws-devops-sdet-demo-stage-cluster | sg=aws-devops-sdet-demo-stage-app-sg	aws-devops-sdet-demo-stage-rds-sg  | store=["count#2026-08-06","count#2026-08-05","lock","count#2026-08-07"] | 
failed to determine base repo: failed to run git: fatal: not a git repository (or any of the parent directories): .git

04:16:19 | alb=none | rds=aws-devops-sdet-demo-stage-db	available  | ecs=arn:aws:ecs:us-west-2:993912191738:cluster/aws-devops-sdet-demo-stage-cluster | sg=aws-devops-sdet-demo-stage-app-sg	aws-devops-sdet-demo-stage-rds-sg  | store=["count#2026-08-06","count#2026-08-05","lock","count#2026-08-07"] | 
failed to determine base repo: failed to run git: fatal: not a git repository (or any of the parent directories): .git

04:16:54 | alb=none | rds=aws-devops-sdet-demo-stage-db	available  | ecs=arn:aws:ecs:us-west-2:993912191738:cluster/aws-devops-sdet-demo-stage-cluster | sg=aws-devops-sdet-demo-stage-app-sg	aws-devops-sdet-demo-stage-rds-sg  | store=["count#2026-08-06","count#2026-08-05","lock","count#2026-08-07"] | 
failed to determine base repo: failed to run git: fatal: not a git repository (or any of the parent directories): .git

04:17:30 | alb=none | rds=aws-devops-sdet-demo-stage-db	available  | ecs=arn:aws:ecs:us-west-2:993912191738:cluster/aws-devops-sdet-demo-stage-cluster | sg=aws-devops-sdet-demo-stage-app-sg	aws-devops-sdet-demo-stage-rds-sg  | store=["count#2026-08-06","count#2026-08-05","lock","count#2026-08-07"] | 
failed to determine base repo: failed to run git: fatal: not a git repository (or any of the parent directories): .git

04:18:07 | alb=none | rds=aws-devops-sdet-demo-stage-db	available  | ecs=arn:aws:ecs:us-west-2:993912191738:cluster/aws-devops-sdet-demo-stage-cluster | sg=aws-devops-sdet-demo-stage-app-sg	aws-devops-sdet-demo-stage-rds-sg  | store=["count#2026-08-06","count#2026-08-05","lock","count#2026-08-07"] | 
failed to determine base repo: failed to run git: fatal: not a git repository (or any of the parent directories): .git

04:18:43 | alb=none | rds=aws-devops-sdet-demo-stage-db	available  | ecs=arn:aws:ecs:us-west-2:993912191738:cluster/aws-devops-sdet-demo-stage-cluster | sg=aws-devops-sdet-demo-stage-app-sg	aws-devops-sdet-demo-stage-rds-sg  | store=["count#2026-08-06","count#2026-08-05","lock","count#2026-08-07"] | 
failed to determine base repo: failed to run git: fatal: not a git repository (or any of the parent directories): .git

04:19:18 | alb=none | rds=aws-devops-sdet-demo-stage-db	available  | ecs=arn:aws:ecs:us-west-2:993912191738:cluster/aws-devops-sdet-demo-stage-cluster | sg=aws-devops-sdet-demo-stage-app-sg	aws-devops-sdet-demo-stage-rds-sg  | store=["count#2026-08-06","count#2026-08-05","lock","count#2026-08-07"] | 
failed to determine base repo: failed to run git: fatal: not a git repository (or any of the parent directories): .git

04:19:54 | alb=none | rds=aws-devops-sdet-demo-stage-db	available  | ecs=arn:aws:ecs:us-west-2:993912191738:cluster/aws-devops-sdet-demo-stage-cluster | sg=aws-devops-sdet-demo-stage-app-sg	aws-devops-sdet-demo-stage-rds-sg  | store=["count#2026-08-06","count#2026-08-05","lock","count#2026-08-07"] | 
04:20:19 | alb=none | rds=aws-devops-sdet-demo-stage-db	available  | ecs=arn:aws:ecs:us-west-2:993912191738:cluster/aws-devops-sdet-demo-stage-cluster | sg=aws-devops-sdet-demo-stage-app-sg	aws-devops-sdet-demo-stage-rds-sg  | store=["count#2026-08-06","count#2026-08-05","lock","count#2026-08-07"] | ci:in_progress/ self-service:completed/cancelled ci:completed/success 
04:20:56 | alb=none | rds=aws-devops-sdet-demo-stage-db	available  | ecs=arn:aws:ecs:us-west-2:993912191738:cluster/aws-devops-sdet-demo-stage-cluster | sg=aws-devops-sdet-demo-stage-app-sg	aws-devops-sdet-demo-stage-rds-sg  | store=["count#2026-08-06","count#2026-08-05","lock","count#2026-08-07"] | ci:completed/success self-service:completed/cancelled ci:completed/success 
04:21:32 | alb=none | rds=aws-devops-sdet-demo-stage-db	available  | ecs=arn:aws:ecs:us-west-2:993912191738:cluster/aws-devops-sdet-demo-stage-cluster | sg=aws-devops-sdet-demo-stage-app-sg	aws-devops-sdet-demo-stage-rds-sg  | store=["count#2026-08-06","count#2026-08-05","lock","count#2026-08-07"] | ci:completed/success self-service:completed/cancelled ci:completed/success 
04:22:10 | alb=none | rds=aws-devops-sdet-demo-stage-db	available  | ecs=arn:aws:ecs:us-west-2:993912191738:cluster/aws-devops-sdet-demo-stage-cluster | sg=aws-devops-sdet-demo-stage-app-sg	aws-devops-sdet-demo-stage-rds-sg  | store=["count#2026-08-06","count#2026-08-05","lock","count#2026-08-07"] | ci:completed/success self-service:completed/cancelled ci:completed/success 
04:22:46 | alb=none | rds=aws-devops-sdet-demo-stage-db	available  | ecs=arn:aws:ecs:us-west-2:993912191738:cluster/aws-devops-sdet-demo-stage-cluster | sg=aws-devops-sdet-demo-stage-app-sg	aws-devops-sdet-demo-stage-rds-sg  | store=["count#2026-08-06","count#2026-08-05","lock","count#2026-08-07"] | ci:completed/success self-service:completed/cancelled ci:completed/success 
04:23:23 | alb=none | rds=aws-devops-sdet-demo-stage-db	available  | ecs=arn:aws:ecs:us-west-2:993912191738:cluster/aws-devops-sdet-demo-stage-cluster | sg=aws-devops-sdet-demo-stage-app-sg	aws-devops-sdet-demo-stage-rds-sg  | store=["count#2026-08-06","count#2026-08-05","lock","count#2026-08-07"] | ci:completed/success self-service:completed/cancelled ci:completed/success 
04:24:00 | alb=none | rds=aws-devops-sdet-demo-stage-db	available  | ecs=arn:aws:ecs:us-west-2:993912191738:cluster/aws-devops-sdet-demo-stage-cluster | sg=aws-devops-sdet-demo-stage-app-sg	aws-devops-sdet-demo-stage-rds-sg  | store=["count#2026-08-06","count#2026-08-05","lock","count#2026-08-07"] | ci:completed/success self-service:completed/cancelled ci:completed/success 
04:24:37 | alb=none | rds=aws-devops-sdet-demo-stage-db	available  | ecs=arn:aws:ecs:us-west-2:993912191738:cluster/aws-devops-sdet-demo-stage-cluster | sg=aws-devops-sdet-demo-stage-app-sg	aws-devops-sdet-demo-stage-rds-sg  | store=["count#2026-08-06","count#2026-08-05","lock","count#2026-08-07"] | ci:completed/success self-service:completed/cancelled ci:completed/success 
04:25:14 | alb=none | rds=aws-devops-sdet-demo-stage-db	available  | ecs=arn:aws:ecs:us-west-2:993912191738:cluster/aws-devops-sdet-demo-stage-cluster | sg=aws-devops-sdet-demo-stage-app-sg	aws-devops-sdet-demo-stage-rds-sg  | store=["count#2026-08-06","count#2026-08-05","lock","count#2026-08-07"] | ci:completed/success self-service:completed/cancelled ci:completed/success 
04:25:51 | alb=none | rds=aws-devops-sdet-demo-stage-db	available  | ecs=arn:aws:ecs:us-west-2:993912191738:cluster/aws-devops-sdet-demo-stage-cluster | sg=aws-devops-sdet-demo-stage-app-sg	aws-devops-sdet-demo-stage-rds-sg  | store=["count#2026-08-06","count#2026-08-05","lock","count#2026-08-07"] | ci:completed/success self-service:completed/cancelled ci:completed/success 
04:26:28 | alb=none | rds=aws-devops-sdet-demo-stage-db	available  | ecs=arn:aws:ecs:us-west-2:993912191738:cluster/aws-devops-sdet-demo-stage-cluster | sg=aws-devops-sdet-demo-stage-app-sg	aws-devops-sdet-demo-stage-rds-sg  | store=["count#2026-08-06","count#2026-08-05","lock","count#2026-08-07"] | ci:completed/success self-service:completed/cancelled ci:completed/success 
04:27:06 | alb=none | rds=aws-devops-sdet-demo-stage-db	available  | ecs=arn:aws:ecs:us-west-2:993912191738:cluster/aws-devops-sdet-demo-stage-cluster | sg=aws-devops-sdet-demo-stage-app-sg	aws-devops-sdet-demo-stage-rds-sg  | store=["count#2026-08-06","count#2026-08-05","lock","count#2026-08-07"] | ci:completed/success self-service:completed/cancelled ci:completed/success 
04:27:43 | alb=none | rds=aws-devops-sdet-demo-stage-db	available  | ecs=arn:aws:ecs:us-west-2:993912191738:cluster/aws-devops-sdet-demo-stage-cluster | sg=aws-devops-sdet-demo-stage-app-sg	aws-devops-sdet-demo-stage-rds-sg  | store=["count#2026-08-06","count#2026-08-05","lock","count#2026-08-07"] | ci:completed/success self-service:completed/cancelled ci:completed/success 
04:28:20 | alb=none | rds=aws-devops-sdet-demo-stage-db	available  | ecs=arn:aws:ecs:us-west-2:993912191738:cluster/aws-devops-sdet-demo-stage-cluster | sg=aws-devops-sdet-demo-stage-app-sg	aws-devops-sdet-demo-stage-rds-sg  | store=["count#2026-08-06","count#2026-08-05","lock","count#2026-08-07"] | ci:completed/success self-service:completed/cancelled ci:completed/success 
04:28:57 | alb=none | rds=aws-devops-sdet-demo-stage-db	available  | ecs=arn:aws:ecs:us-west-2:993912191738:cluster/aws-devops-sdet-demo-stage-cluster | sg=aws-devops-sdet-demo-stage-app-sg	aws-devops-sdet-demo-stage-rds-sg  | store=["count#2026-08-06","count#2026-08-05","lock","count#2026-08-07"] | ci:completed/success self-service:completed/cancelled ci:completed/success 
04:29:34 | alb=none | rds=aws-devops-sdet-demo-stage-db	available  | ecs=arn:aws:ecs:us-west-2:993912191738:cluster/aws-devops-sdet-demo-stage-cluster | sg=aws-devops-sdet-demo-stage-app-sg	aws-devops-sdet-demo-stage-rds-sg  | store=["count#2026-08-06","count#2026-08-05","lock","count#2026-08-07"] | ci:completed/success self-service:completed/cancelled ci:completed/success 
04:30:12 | alb=none | rds=aws-devops-sdet-demo-stage-db	available  | ecs=arn:aws:ecs:us-west-2:993912191738:cluster/aws-devops-sdet-demo-stage-cluster | sg=aws-devops-sdet-demo-stage-app-sg	aws-devops-sdet-demo-stage-rds-sg  | store=["count#2026-08-06","count#2026-08-05","lock","count#2026-08-07"] | ci:completed/success self-service:completed/cancelled ci:completed/success 
04:30:50 | alb=none | rds=aws-devops-sdet-demo-stage-db	available  | ecs=arn:aws:ecs:us-west-2:993912191738:cluster/aws-devops-sdet-demo-stage-cluster | sg=aws-devops-sdet-demo-stage-app-sg	aws-devops-sdet-demo-stage-rds-sg  | store=["count#2026-08-06","count#2026-08-05","lock","count#2026-08-07"] | ci:completed/success self-service:completed/cancelled ci:completed/success 
04:31:28 | alb=none | rds=aws-devops-sdet-demo-stage-db	available  | ecs=arn:aws:ecs:us-west-2:993912191738:cluster/aws-devops-sdet-demo-stage-cluster | sg=aws-devops-sdet-demo-stage-app-sg	aws-devops-sdet-demo-stage-rds-sg  | store=["count#2026-08-06","count#2026-08-05","lock","count#2026-08-07"] | ci:completed/success self-service:completed/cancelled ci:completed/success 
04:32:06 | alb=none | rds=aws-devops-sdet-demo-stage-db	available  | ecs=arn:aws:ecs:us-west-2:993912191738:cluster/aws-devops-sdet-demo-stage-cluster | sg=aws-devops-sdet-demo-stage-app-sg	aws-devops-sdet-demo-stage-rds-sg  | store=["count#2026-08-06","count#2026-08-05","lock","count#2026-08-07"] | ci:completed/success self-service:completed/cancelled ci:completed/success 
04:32:44 | alb=none | rds=aws-devops-sdet-demo-stage-db	available  | ecs=arn:aws:ecs:us-west-2:993912191738:cluster/aws-devops-sdet-demo-stage-cluster | sg=aws-devops-sdet-demo-stage-app-sg	aws-devops-sdet-demo-stage-rds-sg  | store=["count#2026-08-06","count#2026-08-05","lock","count#2026-08-07"] | ci:completed/success self-service:completed/cancelled ci:completed/success 
04:33:22 | alb=none | rds=aws-devops-sdet-demo-stage-db	available  | ecs=arn:aws:ecs:us-west-2:993912191738:cluster/aws-devops-sdet-demo-stage-cluster | sg=aws-devops-sdet-demo-stage-app-sg	aws-devops-sdet-demo-stage-rds-sg  | store=["count#2026-08-06","count#2026-08-05","lock","count#2026-08-07"] | ci:completed/success self-service:completed/cancelled ci:completed/success 
04:34:00 | alb=none | rds=aws-devops-sdet-demo-stage-db	available  | ecs=arn:aws:ecs:us-west-2:993912191738:cluster/aws-devops-sdet-demo-stage-cluster | sg=aws-devops-sdet-demo-stage-app-sg	aws-devops-sdet-demo-stage-rds-sg  | store=["count#2026-08-06","count#2026-08-05","lock","count#2026-08-07"] | ci:completed/success self-service:completed/cancelled ci:completed/success 
04:34:38 | alb=none | rds=aws-devops-sdet-demo-stage-db	available  | ecs=arn:aws:ecs:us-west-2:993912191738:cluster/aws-devops-sdet-demo-stage-cluster | sg=aws-devops-sdet-demo-stage-app-sg	aws-devops-sdet-demo-stage-rds-sg  | store=["count#2026-08-06","count#2026-08-05","lock","count#2026-08-07"] | ci:completed/success self-service:completed/cancelled ci:completed/success 
04:35:16 | alb=none | rds=aws-devops-sdet-demo-stage-db	available  | ecs=arn:aws:ecs:us-west-2:993912191738:cluster/aws-devops-sdet-demo-stage-cluster | sg=aws-devops-sdet-demo-stage-app-sg	aws-devops-sdet-demo-stage-rds-sg  | store=["count#2026-08-06","count#2026-08-05","lock","count#2026-08-07"] | ci:completed/success self-service:completed/cancelled ci:completed/success 
04:35:54 | alb=none | rds=aws-devops-sdet-demo-stage-db	available  | ecs=arn:aws:ecs:us-west-2:993912191738:cluster/aws-devops-sdet-demo-stage-cluster | sg=aws-devops-sdet-demo-stage-app-sg	aws-devops-sdet-demo-stage-rds-sg  | store=["count#2026-08-06","count#2026-08-05","lock","count#2026-08-07"] | ci:completed/success self-service:completed/cancelled ci:completed/success 
04:36:32 | alb=none | rds=aws-devops-sdet-demo-stage-db	available  | ecs=arn:aws:ecs:us-west-2:993912191738:cluster/aws-devops-sdet-demo-stage-cluster | sg=aws-devops-sdet-demo-stage-app-sg	aws-devops-sdet-demo-stage-rds-sg  | store=["count#2026-08-06","count#2026-08-05","lock","count#2026-08-07"] | ci:completed/success self-service:completed/cancelled ci:completed/success 
04:37:10 | alb=none | rds=aws-devops-sdet-demo-stage-db	available  | ecs=arn:aws:ecs:us-west-2:993912191738:cluster/aws-devops-sdet-demo-stage-cluster | sg=aws-devops-sdet-demo-stage-app-sg	aws-devops-sdet-demo-stage-rds-sg  | store=["count#2026-08-06","count#2026-08-05","lock","count#2026-08-07"] | ci:completed/success self-service:completed/cancelled ci:completed/success 
04:37:48 | alb=none | rds=aws-devops-sdet-demo-stage-db	available  | ecs=arn:aws:ecs:us-west-2:993912191738:cluster/aws-devops-sdet-demo-stage-cluster | sg=aws-devops-sdet-demo-stage-app-sg	aws-devops-sdet-demo-stage-rds-sg  | store=["count#2026-08-06","count#2026-08-05","lock","count#2026-08-07"] | ci:completed/success self-service:completed/cancelled ci:completed/success 
04:38:26 | alb=none | rds=aws-devops-sdet-demo-stage-db	available  | ecs=arn:aws:ecs:us-west-2:993912191738:cluster/aws-devops-sdet-demo-stage-cluster | sg=aws-devops-sdet-demo-stage-app-sg	aws-devops-sdet-demo-stage-rds-sg  | store=["count#2026-08-06","count#2026-08-05","lock","count#2026-08-07"] | ci:completed/success self-service:completed/cancelled ci:completed/success 
04:39:05 | alb=none | rds=aws-devops-sdet-demo-stage-db	available  | ecs=arn:aws:ecs:us-west-2:993912191738:cluster/aws-devops-sdet-demo-stage-cluster | sg=aws-devops-sdet-demo-stage-app-sg	aws-devops-sdet-demo-stage-rds-sg  | store=["count#2026-08-06","count#2026-08-05","lock","count#2026-08-07"] | ci:completed/success self-service:completed/cancelled ci:completed/success 
04:39:43 | alb=none | rds=aws-devops-sdet-demo-stage-db	available  | ecs=arn:aws:ecs:us-west-2:993912191738:cluster/aws-devops-sdet-demo-stage-cluster | sg=aws-devops-sdet-demo-stage-app-sg	aws-devops-sdet-demo-stage-rds-sg  | store=["count#2026-08-06","count#2026-08-05","lock","count#2026-08-07"] | ci:completed/success self-service:completed/cancelled ci:completed/success 
04:40:22 | alb=none | rds=aws-devops-sdet-demo-stage-db	available  | ecs=arn:aws:ecs:us-west-2:993912191738:cluster/aws-devops-sdet-demo-stage-cluster | sg=aws-devops-sdet-demo-stage-app-sg	aws-devops-sdet-demo-stage-rds-sg  | store=["count#2026-08-06","count#2026-08-05","lock","count#2026-08-07"] | ci:completed/success self-service:completed/cancelled ci:completed/success 
04:41:00 | alb=none | rds=aws-devops-sdet-demo-stage-db	available  | ecs=arn:aws:ecs:us-west-2:993912191738:cluster/aws-devops-sdet-demo-stage-cluster | sg=aws-devops-sdet-demo-stage-app-sg	aws-devops-sdet-demo-stage-rds-sg  | store=["count#2026-08-06","count#2026-08-05","lock","count#2026-08-07"] | ci:completed/success self-service:completed/cancelled ci:completed/success 
04:41:38 | alb=none | rds=aws-devops-sdet-demo-stage-db	available  | ecs=arn:aws:ecs:us-west-2:993912191738:cluster/aws-devops-sdet-demo-stage-cluster | sg=aws-devops-sdet-demo-stage-app-sg	aws-devops-sdet-demo-stage-rds-sg  | store=["count#2026-08-06","count#2026-08-05","lock","count#2026-08-07"] | ci:completed/success self-service:completed/cancelled ci:completed/success 
04:42:16 | alb=none | rds=aws-devops-sdet-demo-stage-db	available  | ecs=arn:aws:ecs:us-west-2:993912191738:cluster/aws-devops-sdet-demo-stage-cluster | sg=aws-devops-sdet-demo-stage-app-sg	aws-devops-sdet-demo-stage-rds-sg  | store=["count#2026-08-06","count#2026-08-05","lock","count#2026-08-07"] | ci:completed/success self-service:completed/cancelled ci:completed/success 
04:42:54 | alb=none | rds=aws-devops-sdet-demo-stage-db	available  | ecs=arn:aws:ecs:us-west-2:993912191738:cluster/aws-devops-sdet-demo-stage-cluster | sg=aws-devops-sdet-demo-stage-app-sg	aws-devops-sdet-demo-stage-rds-sg  | store=["count#2026-08-06","count#2026-08-05","lock","count#2026-08-07"] | ci:completed/success self-service:completed/cancelled ci:completed/success 
04:43:33 | alb=none | rds=aws-devops-sdet-demo-stage-db	available  | ecs=arn:aws:ecs:us-west-2:993912191738:cluster/aws-devops-sdet-demo-stage-cluster | sg=aws-devops-sdet-demo-stage-app-sg	aws-devops-sdet-demo-stage-rds-sg  | store=["count#2026-08-06","count#2026-08-05","lock","count#2026-08-07"] | ci:completed/success self-service:completed/cancelled ci:completed/success 
nohup: ignoring input
07:12:33 | alb=none | rds=none | ecs=none | sg=aws-devops-sdet-demo-stage-app-sg	aws-devops-sdet-demo-stage-rds-sg  | store=["count#2026-08-06","count#2026-08-05","count#2026-08-07"] | destroy:completed/failure ci:completed/success self-service:completed/cancelled 
07:13:09 | alb=none | rds=none | ecs=none | sg=aws-devops-sdet-demo-stage-app-sg	aws-devops-sdet-demo-stage-rds-sg  | store=["count#2026-08-06","count#2026-08-05","count#2026-08-07"] | destroy:completed/failure ci:completed/success self-service:completed/cancelled 
07:13:45 | alb=none | rds=none | ecs=none | sg=aws-devops-sdet-demo-stage-app-sg	aws-devops-sdet-demo-stage-rds-sg  | store=["count#2026-08-06","count#2026-08-05","count#2026-08-07"] | destroy:completed/failure ci:completed/success self-service:completed/cancelled 
07:14:21 | alb=none | rds=none | ecs=none | sg=aws-devops-sdet-demo-stage-app-sg	aws-devops-sdet-demo-stage-rds-sg  | store=["count#2026-08-06","count#2026-08-05","count#2026-08-07"] | destroy:completed/failure ci:completed/success self-service:completed/cancelled 
07:14:58 | alb=none | rds=none | ecs=none | sg=aws-devops-sdet-demo-stage-app-sg	aws-devops-sdet-demo-stage-rds-sg  | store=["count#2026-08-06","count#2026-08-05","count#2026-08-07"] | destroy:completed/failure ci:completed/success self-service:completed/cancelled 
07:15:34 | alb=none | rds=none | ecs=none | sg=aws-devops-sdet-demo-stage-app-sg	aws-devops-sdet-demo-stage-rds-sg  | store=["count#2026-08-06","count#2026-08-05","count#2026-08-07"] | destroy:completed/failure ci:completed/success self-service:completed/cancelled 
07:16:10 | alb=none | rds=none | ecs=none | sg=aws-devops-sdet-demo-stage-app-sg	aws-devops-sdet-demo-stage-rds-sg  | store=["count#2026-08-06","count#2026-08-05","count#2026-08-07"] | destroy:completed/failure ci:completed/success self-service:completed/cancelled 
07:16:46 | alb=none | rds=none | ecs=none | sg=aws-devops-sdet-demo-stage-app-sg	aws-devops-sdet-demo-stage-rds-sg  | store=["count#2026-08-06","count#2026-08-05","count#2026-08-07"] | destroy:completed/failure ci:completed/success self-service:completed/cancelled 
07:17:22 | alb=none | rds=none | ecs=none | sg=aws-devops-sdet-demo-stage-app-sg	aws-devops-sdet-demo-stage-rds-sg  | store=["count#2026-08-06","count#2026-08-05","count#2026-08-07"] | destroy:completed/failure ci:completed/success self-service:completed/cancelled 
07:17:58 | alb=none | rds=none | ecs=none | sg=aws-devops-sdet-demo-stage-app-sg	aws-devops-sdet-demo-stage-rds-sg  | store=["count#2026-08-06","count#2026-08-05","count#2026-08-07"] | destroy:completed/failure ci:completed/success self-service:completed/cancelled 
07:18:34 | alb=none | rds=none | ecs=none | sg=aws-devops-sdet-demo-stage-app-sg	aws-devops-sdet-demo-stage-rds-sg  | store=["count#2026-08-06","count#2026-08-05","count#2026-08-07"] | destroy:completed/failure ci:completed/success self-service:completed/cancelled 
07:19:11 | alb=none | rds=none | ecs=none | sg=aws-devops-sdet-demo-stage-app-sg	aws-devops-sdet-demo-stage-rds-sg  | store=["count#2026-08-06","count#2026-08-05","count#2026-08-07"] | destroy:completed/failure ci:completed/success self-service:completed/cancelled 
07:19:47 | alb=none | rds=none | ecs=none | sg=aws-devops-sdet-demo-stage-app-sg	aws-devops-sdet-demo-stage-rds-sg  | store=["count#2026-08-06","count#2026-08-05","count#2026-08-07"] | destroy:completed/failure ci:completed/success self-service:completed/cancelled 
07:20:23 | alb=none | rds=none | ecs=none | sg=aws-devops-sdet-demo-stage-app-sg	aws-devops-sdet-demo-stage-rds-sg  | store=["count#2026-08-06","count#2026-08-05","count#2026-08-07"] | destroy:completed/failure ci:completed/success self-service:completed/cancelled 
07:20:59 | alb=none | rds=none | ecs=none | sg=aws-devops-sdet-demo-stage-app-sg	aws-devops-sdet-demo-stage-rds-sg  | store=["count#2026-08-06","count#2026-08-05","count#2026-08-07"] | destroy:completed/failure ci:completed/success self-service:completed/cancelled 
07:21:35 | alb=none | rds=none | ecs=none | sg=aws-devops-sdet-demo-stage-app-sg	aws-devops-sdet-demo-stage-rds-sg  | store=["count#2026-08-06","count#2026-08-05","count#2026-08-07"] | destroy:completed/failure ci:completed/success self-service:completed/cancelled 
07:22:12 | alb=none | rds=none | ecs=none | sg=aws-devops-sdet-demo-stage-app-sg	aws-devops-sdet-demo-stage-rds-sg  | store=["count#2026-08-06","count#2026-08-05","count#2026-08-07"] | destroy:completed/failure ci:completed/success self-service:completed/cancelled 
07:22:48 | alb=none | rds=none | ecs=none | sg=aws-devops-sdet-demo-stage-app-sg	aws-devops-sdet-demo-stage-rds-sg  | store=["count#2026-08-06","count#2026-08-05","count#2026-08-07"] | destroy:completed/failure ci:completed/success self-service:completed/cancelled 
07:23:24 | alb=none | rds=none | ecs=none | sg=aws-devops-sdet-demo-stage-app-sg	aws-devops-sdet-demo-stage-rds-sg  | store=["count#2026-08-06","count#2026-08-05","count#2026-08-07"] | destroy:completed/failure ci:completed/success self-service:completed/cancelled 
07:24:00 | alb=none | rds=none | ecs=none | sg=aws-devops-sdet-demo-stage-app-sg	aws-devops-sdet-demo-stage-rds-sg  | store=["count#2026-08-06","count#2026-08-05","count#2026-08-07"] | destroy:completed/failure ci:completed/success self-service:completed/cancelled 
07:24:37 | alb=none | rds=none | ecs=none | sg=aws-devops-sdet-demo-stage-app-sg	aws-devops-sdet-demo-stage-rds-sg  | store=["count#2026-08-06","count#2026-08-05","count#2026-08-07"] | destroy:completed/failure ci:completed/success self-service:completed/cancelled 
07:25:15 | alb=none | rds=none | ecs=none | sg=aws-devops-sdet-demo-stage-app-sg	aws-devops-sdet-demo-stage-rds-sg  | store=["count#2026-08-06","count#2026-08-05","count#2026-08-07"] | destroy:completed/failure ci:completed/success self-service:completed/cancelled 
07:25:53 | alb=none | rds=none | ecs=none | sg=aws-devops-sdet-demo-stage-app-sg	aws-devops-sdet-demo-stage-rds-sg  | store=["count#2026-08-06","count#2026-08-05","count#2026-08-07"] | ci:queued/ destroy:completed/failure ci:completed/success 
07:26:31 | alb=none | rds=none | ecs=none | sg=aws-devops-sdet-demo-stage-app-sg	aws-devops-sdet-demo-stage-rds-sg  | store=["count#2026-08-06","count#2026-08-05","count#2026-08-07"] | ci:in_progress/ destroy:completed/failure ci:completed/success 
07:27:09 | alb=none | rds=none | ecs=none | sg=aws-devops-sdet-demo-stage-app-sg	aws-devops-sdet-demo-stage-rds-sg  | store=["count#2026-08-06","count#2026-08-05","count#2026-08-07"] | destroy:in_progress/ ci:in_progress/ destroy:completed/failure 
07:27:46 | alb=none | rds=none | ecs=none | sg=aws-devops-sdet-demo-stage-app-sg	aws-devops-sdet-demo-stage-rds-sg  | store=["count#2026-08-06","count#2026-08-05","count#2026-08-07"] | destroy:in_progress/ ci:completed/success destroy:completed/failure 
07:28:23 | alb=none | rds=none | ecs=none | sg=none | store=["count#2026-08-06","count#2026-08-05","count#2026-08-07"] | destroy:completed/success ci:completed/success destroy:completed/failure 
07:29:01 | alb=none | rds=none | ecs=none | sg=none | store=["count#2026-08-06","count#2026-08-05","count#2026-08-07"] | destroy:completed/success ci:completed/success destroy:completed/failure 
07:29:38 | alb=none | rds=none | ecs=none | sg=none | store=["count#2026-08-06","count#2026-08-05","count#2026-08-07"] | destroy:completed/success ci:completed/success destroy:completed/failure 
07:30:19 | alb=none | rds=none | ecs=none | sg=none | store=["count#2026-08-06","count#2026-08-05","count#2026-08-07"] | destroy:completed/success ci:completed/success destroy:completed/failure 
07:30:57 | alb=none | rds=none | ecs=none | sg=none | store=["count#2026-08-06","count#2026-08-05","count#2026-08-07"] | destroy:completed/success ci:completed/success destroy:completed/failure 
07:31:34 | alb=none | rds=none | ecs=none | sg=none | store=["count#2026-08-06","count#2026-08-05","count#2026-08-07"] | destroy:completed/success ci:completed/success destroy:completed/failure 
07:32:11 | alb=none | rds=none | ecs=none | sg=none | store=["count#2026-08-06","count#2026-08-05","count#2026-08-07"] | destroy:completed/success ci:completed/success destroy:completed/failure 
07:32:49 | alb=none | rds=none | ecs=none | sg=none | store=["count#2026-08-06","count#2026-08-05","count#2026-08-07"] | destroy:completed/success ci:completed/success destroy:completed/failure 
07:33:27 | alb=none | rds=none | ecs=none | sg=none | store=["count#2026-08-06","count#2026-08-05","count#2026-08-07"] | destroy:completed/success ci:completed/success destroy:completed/failure 
07:34:05 | alb=none | rds=none | ecs=none | sg=none | store=["count#2026-08-06","count#2026-08-05","count#2026-08-07"] | destroy:completed/success ci:completed/success destroy:completed/failure 
07:34:43 | alb=none | rds=none | ecs=none | sg=none | store=["count#2026-08-06","count#2026-08-05","count#2026-08-07"] | destroy:completed/success ci:completed/success destroy:completed/failure 
07:35:20 | alb=none | rds=none | ecs=none | sg=none | store=["count#2026-08-06","count#2026-08-05","count#2026-08-07"] | destroy:completed/success ci:completed/success destroy:completed/failure 
07:35:58 | alb=none | rds=none | ecs=none | sg=none | store=["count#2026-08-06","count#2026-08-05","lock","count#2026-08-07"] | self-service:in_progress/ destroy:completed/success ci:completed/success 
07:36:35 | alb=none | rds=none | ecs=none | sg=none | store=["count#2026-08-06","count#2026-08-05","lock","count#2026-08-07"] | self-service:in_progress/ destroy:completed/success ci:completed/success 
07:37:13 | alb=aws-devops-sdet-demo-stage-alb | rds=none | ecs=none | sg=aws-devops-sdet-demo-stage-alb-sg  | store=["count#2026-08-06","count#2026-08-05","lock","count#2026-08-07"] | self-service:in_progress/ destroy:completed/success ci:completed/success 
07:37:51 | alb=aws-devops-sdet-demo-stage-alb | rds=none | ecs=none | sg=aws-devops-sdet-demo-stage-alb-sg  | store=["count#2026-08-06","count#2026-08-05","lock","count#2026-08-07"] | self-service:in_progress/ destroy:completed/success ci:completed/success 
07:38:29 | alb=aws-devops-sdet-demo-stage-alb | rds=none | ecs=none | sg=aws-devops-sdet-demo-stage-alb-sg  | store=["count#2026-08-06","count#2026-08-05","lock","count#2026-08-07"] | self-service:in_progress/ destroy:completed/success ci:completed/success 
07:39:07 | alb=aws-devops-sdet-demo-stage-alb | rds=none | ecs=none | sg=aws-devops-sdet-demo-stage-alb-sg  | store=["count#2026-08-06","count#2026-08-05","lock","count#2026-08-07"] | self-service:in_progress/ destroy:completed/success ci:completed/success 
07:39:45 | alb=aws-devops-sdet-demo-stage-alb | rds=none | ecs=none | sg=aws-devops-sdet-demo-stage-alb-sg  | store=["count#2026-08-06","count#2026-08-05","lock","count#2026-08-07"] | self-service:in_progress/ destroy:completed/success ci:completed/success 
07:40:23 | alb=aws-devops-sdet-demo-stage-alb | rds=aws-devops-sdet-demo-stage-db	creating  | ecs=arn:aws:ecs:us-west-2:993912191738:cluster/aws-devops-sdet-demo-stage-cluster | sg=aws-devops-sdet-demo-stage-app-sg	aws-devops-sdet-demo-stage-alb-sg	aws-devops-sdet-demo-stage-rds-sg  | store=["count#2026-08-06","count#2026-08-05","lock","count#2026-08-07"] | self-service:in_progress/ destroy:completed/success ci:completed/success 
07:41:02 | alb=aws-devops-sdet-demo-stage-alb | rds=aws-devops-sdet-demo-stage-db	creating  | ecs=arn:aws:ecs:us-west-2:993912191738:cluster/aws-devops-sdet-demo-stage-cluster | sg=aws-devops-sdet-demo-stage-app-sg	aws-devops-sdet-demo-stage-alb-sg	aws-devops-sdet-demo-stage-rds-sg  | store=["count#2026-08-06","count#2026-08-05","lock","count#2026-08-07"] | self-service:in_progress/ destroy:completed/success ci:completed/success 
07:41:40 | alb=aws-devops-sdet-demo-stage-alb | rds=aws-devops-sdet-demo-stage-db	creating  | ecs=arn:aws:ecs:us-west-2:993912191738:cluster/aws-devops-sdet-demo-stage-cluster | sg=aws-devops-sdet-demo-stage-app-sg	aws-devops-sdet-demo-stage-alb-sg	aws-devops-sdet-demo-stage-rds-sg  | store=["count#2026-08-06","count#2026-08-05","lock","count#2026-08-07"] | self-service:in_progress/ destroy:completed/success ci:completed/success 
07:42:18 | alb=aws-devops-sdet-demo-stage-alb | rds=aws-devops-sdet-demo-stage-db	creating  | ecs=arn:aws:ecs:us-west-2:993912191738:cluster/aws-devops-sdet-demo-stage-cluster | sg=aws-devops-sdet-demo-stage-rds-sg	aws-devops-sdet-demo-stage-alb-sg	aws-devops-sdet-demo-stage-app-sg  | store=["count#2026-08-06","count#2026-08-05","lock","count#2026-08-07"] | self-service:in_progress/ destroy:completed/success ci:completed/success 
07:42:57 | alb=none | rds=aws-devops-sdet-demo-stage-db	creating  | ecs=arn:aws:ecs:us-west-2:993912191738:cluster/aws-devops-sdet-demo-stage-cluster | sg=aws-devops-sdet-demo-stage-rds-sg	aws-devops-sdet-demo-stage-alb-sg	aws-devops-sdet-demo-stage-app-sg  | store=["count#2026-08-06","count#2026-08-05","lock","count#2026-08-07"] | self-service:in_progress/ destroy:completed/success ci:completed/success 
07:43:35 | alb=none | rds=aws-devops-sdet-demo-stage-db	configuring-enhanced-monitoring  | ecs=arn:aws:ecs:us-west-2:993912191738:cluster/aws-devops-sdet-demo-stage-cluster | sg=aws-devops-sdet-demo-stage-rds-sg	aws-devops-sdet-demo-stage-alb-sg	aws-devops-sdet-demo-stage-app-sg  | store=["count#2026-08-06","count#2026-08-05","lock","count#2026-08-07"] | self-service:in_progress/ destroy:completed/success ci:completed/success 
07:44:14 | alb=none | rds=aws-devops-sdet-demo-stage-db	configuring-enhanced-monitoring  | ecs=arn:aws:ecs:us-west-2:993912191738:cluster/aws-devops-sdet-demo-stage-cluster | sg=aws-devops-sdet-demo-stage-rds-sg	aws-devops-sdet-demo-stage-alb-sg	aws-devops-sdet-demo-stage-app-sg  | store=["count#2026-08-06","count#2026-08-05","lock","count#2026-08-07"] | self-service:completed/cancelled destroy:completed/success ci:completed/success 
07:44:52 | alb=none | rds=aws-devops-sdet-demo-stage-db	available  | ecs=arn:aws:ecs:us-west-2:993912191738:cluster/aws-devops-sdet-demo-stage-cluster | sg=aws-devops-sdet-demo-stage-rds-sg	aws-devops-sdet-demo-stage-alb-sg	aws-devops-sdet-demo-stage-app-sg  | store=["count#2026-08-06","count#2026-08-05","lock","count#2026-08-07"] | self-service:completed/cancelled destroy:completed/success ci:completed/success 
07:45:31 | alb=none | rds=aws-devops-sdet-demo-stage-db	available  | ecs=arn:aws:ecs:us-west-2:993912191738:cluster/aws-devops-sdet-demo-stage-cluster | sg=aws-devops-sdet-demo-stage-rds-sg	aws-devops-sdet-demo-stage-alb-sg	aws-devops-sdet-demo-stage-app-sg  | store=["count#2026-08-06","count#2026-08-05","lock","count#2026-08-07"] | self-service:completed/cancelled destroy:completed/success ci:completed/success 
07:46:10 | alb=none | rds=aws-devops-sdet-demo-stage-db	available  | ecs=arn:aws:ecs:us-west-2:993912191738:cluster/aws-devops-sdet-demo-stage-cluster | sg=aws-devops-sdet-demo-stage-rds-sg	aws-devops-sdet-demo-stage-alb-sg	aws-devops-sdet-demo-stage-app-sg  | store=["count#2026-08-06","count#2026-08-05","lock","count#2026-08-07"] | self-service:completed/cancelled destroy:completed/success ci:completed/success 
07:46:49 | alb=none | rds=aws-devops-sdet-demo-stage-db	available  | ecs=arn:aws:ecs:us-west-2:993912191738:cluster/aws-devops-sdet-demo-stage-cluster | sg=aws-devops-sdet-demo-stage-rds-sg	aws-devops-sdet-demo-stage-alb-sg	aws-devops-sdet-demo-stage-app-sg  | store=["count#2026-08-06","count#2026-08-05","lock","count#2026-08-07"] | self-service:completed/cancelled destroy:completed/success ci:completed/success 
07:47:28 | alb=none | rds=aws-devops-sdet-demo-stage-db	available  | ecs=arn:aws:ecs:us-west-2:993912191738:cluster/aws-devops-sdet-demo-stage-cluster | sg=aws-devops-sdet-demo-stage-rds-sg	aws-devops-sdet-demo-stage-alb-sg	aws-devops-sdet-demo-stage-app-sg  | store=["count#2026-08-06","count#2026-08-05","lock","count#2026-08-07"] | self-service:completed/cancelled destroy:completed/success ci:completed/success 
07:48:07 | alb=none | rds=aws-devops-sdet-demo-stage-db	available  | ecs=arn:aws:ecs:us-west-2:993912191738:cluster/aws-devops-sdet-demo-stage-cluster | sg=aws-devops-sdet-demo-stage-rds-sg	aws-devops-sdet-demo-stage-alb-sg	aws-devops-sdet-demo-stage-app-sg  | store=["count#2026-08-06","count#2026-08-05","lock","count#2026-08-07"] | self-service:completed/cancelled destroy:completed/success ci:completed/success 
07:48:46 | alb=none | rds=aws-devops-sdet-demo-stage-db	available  | ecs=arn:aws:ecs:us-west-2:993912191738:cluster/aws-devops-sdet-demo-stage-cluster | sg=aws-devops-sdet-demo-stage-rds-sg	aws-devops-sdet-demo-stage-alb-sg	aws-devops-sdet-demo-stage-app-sg  | store=["count#2026-08-06","count#2026-08-05","lock","count#2026-08-07"] | self-service:completed/cancelled destroy:completed/success ci:completed/success 
07:49:24 | alb=none | rds=aws-devops-sdet-demo-stage-db	available  | ecs=arn:aws:ecs:us-west-2:993912191738:cluster/aws-devops-sdet-demo-stage-cluster | sg=aws-devops-sdet-demo-stage-rds-sg	aws-devops-sdet-demo-stage-alb-sg	aws-devops-sdet-demo-stage-app-sg  | store=["count#2026-08-06","count#2026-08-05","lock","count#2026-08-07"] | self-service:completed/cancelled destroy:completed/success ci:completed/success 
07:50:04 | alb=none | rds=aws-devops-sdet-demo-stage-db	available  | ecs=arn:aws:ecs:us-west-2:993912191738:cluster/aws-devops-sdet-demo-stage-cluster | sg=aws-devops-sdet-demo-stage-rds-sg	aws-devops-sdet-demo-stage-alb-sg	aws-devops-sdet-demo-stage-app-sg  | store=["count#2026-08-06","count#2026-08-05","lock","count#2026-08-07"] | self-service:completed/cancelled destroy:completed/success ci:completed/success 
07:50:47 | alb=none | rds=aws-devops-sdet-demo-stage-db	available  | ecs=arn:aws:ecs:us-west-2:993912191738:cluster/aws-devops-sdet-demo-stage-cluster | sg=aws-devops-sdet-demo-stage-rds-sg	aws-devops-sdet-demo-stage-alb-sg	aws-devops-sdet-demo-stage-app-sg  | store=["count#2026-08-06","count#2026-08-05","lock","count#2026-08-07"] | self-service:completed/cancelled destroy:completed/success ci:completed/success 
07:51:30 | alb=none | rds=aws-devops-sdet-demo-stage-db	available  | ecs=arn:aws:ecs:us-west-2:993912191738:cluster/aws-devops-sdet-demo-stage-cluster | sg=aws-devops-sdet-demo-stage-rds-sg	aws-devops-sdet-demo-stage-alb-sg	aws-devops-sdet-demo-stage-app-sg  | store=["count#2026-08-06","count#2026-08-05","lock","count#2026-08-07"] | self-service:completed/cancelled destroy:completed/success ci:completed/success 
07:52:13 | alb=none | rds=aws-devops-sdet-demo-stage-db	available  | ecs=arn:aws:ecs:us-west-2:993912191738:cluster/aws-devops-sdet-demo-stage-cluster | sg=aws-devops-sdet-demo-stage-rds-sg	aws-devops-sdet-demo-stage-alb-sg	aws-devops-sdet-demo-stage-app-sg  | store=["count#2026-08-06","count#2026-08-05","lock","count#2026-08-07"] | self-service:completed/cancelled destroy:completed/success ci:completed/success 
07:52:56 | alb=none | rds=aws-devops-sdet-demo-stage-db	available  | ecs=arn:aws:ecs:us-west-2:993912191738:cluster/aws-devops-sdet-demo-stage-cluster | sg=aws-devops-sdet-demo-stage-rds-sg	aws-devops-sdet-demo-stage-alb-sg	aws-devops-sdet-demo-stage-app-sg  | store=["count#2026-08-06","count#2026-08-05","lock","count#2026-08-07"] | self-service:completed/cancelled destroy:completed/success ci:completed/success 
07:53:35 | alb=none | rds=aws-devops-sdet-demo-stage-db	available  | ecs=arn:aws:ecs:us-west-2:993912191738:cluster/aws-devops-sdet-demo-stage-cluster | sg=aws-devops-sdet-demo-stage-rds-sg	aws-devops-sdet-demo-stage-alb-sg	aws-devops-sdet-demo-stage-app-sg  | store=["count#2026-08-06","count#2026-08-05","lock","count#2026-08-07"] | self-service:completed/cancelled destroy:completed/success ci:completed/success 
07:54:13 | alb=none | rds=aws-devops-sdet-demo-stage-db	available  | ecs=arn:aws:ecs:us-west-2:993912191738:cluster/aws-devops-sdet-demo-stage-cluster | sg=aws-devops-sdet-demo-stage-rds-sg	aws-devops-sdet-demo-stage-alb-sg	aws-devops-sdet-demo-stage-app-sg  | store=["count#2026-08-06","count#2026-08-05","lock","count#2026-08-07"] | ci:in_progress/ destroy:in_progress/ self-service:completed/cancelled 
07:54:52 | alb=none | rds=aws-devops-sdet-demo-stage-db	deleting  | ecs=none | sg=aws-devops-sdet-demo-stage-rds-sg	aws-devops-sdet-demo-stage-alb-sg	aws-devops-sdet-demo-stage-app-sg  | store=["count#2026-08-06","count#2026-08-05","lock","count#2026-08-07"] | ci:in_progress/ destroy:in_progress/ self-service:completed/cancelled 
07:55:31 | alb=none | rds=aws-devops-sdet-demo-stage-db	deleting  | ecs=none | sg=aws-devops-sdet-demo-stage-rds-sg	aws-devops-sdet-demo-stage-alb-sg	aws-devops-sdet-demo-stage-app-sg  | store=["count#2026-08-06","count#2026-08-05","lock","count#2026-08-07"] | ci:completed/success destroy:in_progress/ self-service:completed/cancelled 
07:56:10 | alb=none | rds=aws-devops-sdet-demo-stage-db	deleting  | ecs=none | sg=aws-devops-sdet-demo-stage-rds-sg	aws-devops-sdet-demo-stage-alb-sg	aws-devops-sdet-demo-stage-app-sg  | store=["count#2026-08-06","count#2026-08-05","lock","count#2026-08-07"] | ci:completed/success destroy:in_progress/ self-service:completed/cancelled 
07:56:49 | alb=none | rds=aws-devops-sdet-demo-stage-db	deleting  | ecs=none | sg=aws-devops-sdet-demo-stage-rds-sg	aws-devops-sdet-demo-stage-alb-sg	aws-devops-sdet-demo-stage-app-sg  | store=["count#2026-08-06","count#2026-08-05","lock","count#2026-08-07"] | ci:completed/success destroy:in_progress/ self-service:completed/cancelled 
07:57:28 | alb=none | rds=aws-devops-sdet-demo-stage-db	deleting  | ecs=none | sg=aws-devops-sdet-demo-stage-rds-sg	aws-devops-sdet-demo-stage-alb-sg	aws-devops-sdet-demo-stage-app-sg  | store=["count#2026-08-06","count#2026-08-05","lock","count#2026-08-07"] | ci:completed/success destroy:in_progress/ self-service:completed/cancelled 
07:58:08 | alb=none | rds=aws-devops-sdet-demo-stage-db	deleting  | ecs=none | sg=aws-devops-sdet-demo-stage-rds-sg	aws-devops-sdet-demo-stage-alb-sg	aws-devops-sdet-demo-stage-app-sg  | store=["count#2026-08-06","count#2026-08-05","lock","count#2026-08-07"] | ci:completed/success destroy:in_progress/ self-service:completed/cancelled 
07:58:46 | alb=none | rds=none | ecs=none | sg=none | store=["count#2026-08-06","count#2026-08-05","lock","count#2026-08-07"] | ci:completed/success destroy:in_progress/ self-service:completed/cancelled 
07:59:24 | alb=none | rds=none | ecs=none | sg=none | store=["count#2026-08-06","count#2026-08-05","lock","count#2026-08-07"] | ci:completed/success destroy:completed/success self-service:completed/cancelled 
08:00:05 | alb=none | rds=none | ecs=none | sg=none | store=["count#2026-08-06","count#2026-08-05","lock","count#2026-08-07"] | ci:completed/success destroy:completed/success self-service:completed/cancelled 
08:00:44 | alb=none | rds=none | ecs=none | sg=none | store=["count#2026-08-06","count#2026-08-05","lock","count#2026-08-07"] | ci:completed/success destroy:completed/success self-service:completed/cancelled 
08:01:22 | alb=none | rds=none | ecs=none | sg=none | store=["count#2026-08-06","count#2026-08-05","lock","count#2026-08-07"] | ci:completed/success destroy:completed/success self-service:completed/cancelled 
08:02:01 | alb=none | rds=none | ecs=none | sg=none | store=["count#2026-08-06","count#2026-08-05","lock","count#2026-08-07"] | ci:completed/success destroy:completed/success self-service:completed/cancelled 
08:02:40 | alb=none | rds=none | ecs=none | sg=none | store=["count#2026-08-06","count#2026-08-05","lock","count#2026-08-07"] | ci:completed/success destroy:completed/success self-service:completed/cancelled 
08:03:19 | alb=none | rds=none | ecs=none | sg=none | store=["count#2026-08-06","count#2026-08-05","lock","count#2026-08-07"] | ci:completed/success destroy:completed/success self-service:completed/cancelled 
08:03:58 | alb=none | rds=none | ecs=none | sg=none | store=["count#2026-08-06","count#2026-08-05","lock","count#2026-08-07"] | ci:completed/success destroy:completed/success self-service:completed/cancelled 
