# watch-page 2026-08-12T03:09:16.556Z
# url https://demo.uveapp.net · every 5s · heartbeat 45s · 2m
# the page is loaded ONCE. Every line below is a re-read of that same tab,
# and "tab-held" is the sentinel saying so. This instrument makes no network
# request of its own, so it cannot warm the edge or spend the page's budget.

2026-08-12 03:09:16Z  tab-held  first frame
    clocks    github … · bucket …
    budget    (none read — the page is on its fallback branch)
    cadence   
    map       Reading the topology…
    verdict   ERR

2026-08-12 03:09:21Z  tab-held  CHANGED
    clocks    github 03:09:17 AM · bucket 03:09:16 AM
    budget    GitHub budget: 56 of 60 requests left this hour
    cadence   auto: bucket every 30 s — status and figures, the figures up to a minute behind the write; GitHub every 66 s
    map       Generated from infra/ and tests/. At rest it shows the last cycle that finished, dated 2026-08-11; the map is on the page whether or not anything is running.180 tests are collected from the suites themselves; the verdicts below are what a run reported — stage from deploy-stage, prod from promote-prod.
    verdict   all 8 succeeded
    stage.vpc                 destroyed · these figures are from the cycle that ended · 24s-           
    stage.secrets             destroyed · these figures are from the cycle that ended · 8m 36s-           
    stage.rds                 destroyed · these figures are from the cycle that ended · 8m 36s-           
    stage.alb                 destroyed · these figures are from the cycle that ended · 3m 14s-           
    stage.ecs                 destroyed · these figures are from the cycle that ended · 11s-           
    stage.cloudwatch          destroyed · these figures are from the cycle that ended · 1s-           
    stage.budgets             destroyed · these figures are from the cycle that ended · 7s-           
    prod.vpc                  destroyed · these figures are from the cycle that ended · 23s-           
    prod.secrets              destroyed · these figures are from the cycle that ended · 8m 16s-           
    prod.rds                  destroyed · these figures are from the cycle that ended · 8m 15s-           
    prod.alb                  destroyed · these figures are from the cycle that ended · 3m 3s-           
    prod.ecs                  destroyed · these figures are from the cycle that ended · 11s-           
    prod.cloudwatch           destroyed · these figures are from the cycle that ended · 0s-           
    prod.dnsrec               destroyed · these figures are from the cycle that ended · 30s-           
    prod.budgets              destroyed · these figures are from the cycle that ended · 7s-           
    perm.tfstate              ERR           -           
    perm.oidc                 ERR           -           
    perm.ecr                  ERR           -           
    perm.dns                  ERR           -           
    perm.site                 ERR           -           
    perm.selfservice          ERR           -           
    build.ecr                 not measured here · its step is in Actions, not in a timeline-           
    stage.migrate             not measured here · its step is in Actions, not in a timeline-           
    suite.db.stage            2 of 2        -           
    suite.api.stage           52 of 52 · 5.8s-           8s
    suite.regression.stage    12 of 12 · 8.7s-           7s
    suite.smoke.stage         2 of 2 · 0.8s -           8s
    gate.human                not measured here · its step is in Actions, not in a timeline-           
    suite.db.prod             2 of 2        -           
    suite.smoke.prod          2 of 2 · 1.6s -           6s
    destroy.stage             8m 10s        -           8m 10s
    destroy.prod              7m 49s        -           7m 49s
    out.devbox                ERR           -           
    out.github                ERR           -           

2026-08-12 03:10:07Z  tab-held  heartbeat
    clocks    github 03:09:17 AM · bucket 03:09:48 AM
    budget    GitHub budget: 56 of 60 requests left this hour
    cadence   auto: bucket every 30 s — status and figures, the figures up to a minute behind the write; GitHub every 65 s
    map       Generated from infra/ and tests/. At rest it shows the last cycle that finished, dated 2026-08-11; the map is on the page whether or not anything is running.180 tests are collected from the suites themselves; the verdicts below are what a run reported — stage from deploy-stage, prod from promote-prod.
    verdict   all 8 succeeded
    stage.vpc                 destroyed · these figures are from the cycle that ended · 24s-           
    stage.secrets             destroyed · these figures are from the cycle that ended · 8m 36s-           
    stage.rds                 destroyed · these figures are from the cycle that ended · 8m 36s-           
    stage.alb                 destroyed · these figures are from the cycle that ended · 3m 14s-           
    stage.ecs                 destroyed · these figures are from the cycle that ended · 11s-           
    stage.cloudwatch          destroyed · these figures are from the cycle that ended · 1s-           
    stage.budgets             destroyed · these figures are from the cycle that ended · 7s-           
    prod.vpc                  destroyed · these figures are from the cycle that ended · 23s-           
    prod.secrets              destroyed · these figures are from the cycle that ended · 8m 16s-           
    prod.rds                  destroyed · these figures are from the cycle that ended · 8m 15s-           
    prod.alb                  destroyed · these figures are from the cycle that ended · 3m 3s-           
    prod.ecs                  destroyed · these figures are from the cycle that ended · 11s-           
    prod.cloudwatch           destroyed · these figures are from the cycle that ended · 0s-           
    prod.dnsrec               destroyed · these figures are from the cycle that ended · 30s-           
    prod.budgets              destroyed · these figures are from the cycle that ended · 7s-           
    perm.tfstate              ERR           -           
    perm.oidc                 ERR           -           
    perm.ecr                  ERR           -           
    perm.dns                  ERR           -           
    perm.site                 ERR           -           
    perm.selfservice          ERR           -           
    build.ecr                 not measured here · its step is in Actions, not in a timeline-           
    stage.migrate             not measured here · its step is in Actions, not in a timeline-           
    suite.db.stage            2 of 2        -           
    suite.api.stage           52 of 52 · 5.8s-           8s
    suite.regression.stage    12 of 12 · 8.7s-           7s
    suite.smoke.stage         2 of 2 · 0.8s -           8s
    gate.human                not measured here · its step is in Actions, not in a timeline-           
    suite.db.prod             2 of 2        -           
    suite.smoke.prod          2 of 2 · 1.6s -           6s
    destroy.stage             8m 10s        -           8m 10s
    destroy.prod              7m 49s        -           7m 49s
    out.devbox                ERR           -           
    out.github                ERR           -           

2026-08-12 03:10:52Z  tab-held  heartbeat
    clocks    github 03:10:49 AM · bucket 03:10:48 AM
    budget    GitHub budget: 55 of 60 requests left this hour
    cadence   auto: bucket every 30 s — status and figures, the figures up to a minute behind the write; GitHub every 65 s
    map       Generated from infra/ and tests/. At rest it shows the last cycle that finished, dated 2026-08-11; the map is on the page whether or not anything is running.180 tests are collected from the suites themselves; the verdicts below are what a run reported — stage from deploy-stage, prod from promote-prod.
    verdict   all 8 succeeded
    stage.vpc                 destroyed · these figures are from the cycle that ended · 24s-           
    stage.secrets             destroyed · these figures are from the cycle that ended · 8m 36s-           
    stage.rds                 destroyed · these figures are from the cycle that ended · 8m 36s-           
    stage.alb                 destroyed · these figures are from the cycle that ended · 3m 14s-           
    stage.ecs                 destroyed · these figures are from the cycle that ended · 11s-           
    stage.cloudwatch          destroyed · these figures are from the cycle that ended · 1s-           
    stage.budgets             destroyed · these figures are from the cycle that ended · 7s-           
    prod.vpc                  destroyed · these figures are from the cycle that ended · 23s-           
    prod.secrets              destroyed · these figures are from the cycle that ended · 8m 16s-           
    prod.rds                  destroyed · these figures are from the cycle that ended · 8m 15s-           
    prod.alb                  destroyed · these figures are from the cycle that ended · 3m 3s-           
    prod.ecs                  destroyed · these figures are from the cycle that ended · 11s-           
    prod.cloudwatch           destroyed · these figures are from the cycle that ended · 0s-           
    prod.dnsrec               destroyed · these figures are from the cycle that ended · 30s-           
    prod.budgets              destroyed · these figures are from the cycle that ended · 7s-           
    perm.tfstate              ERR           -           
    perm.oidc                 ERR           -           
    perm.ecr                  ERR           -           
    perm.dns                  ERR           -           
    perm.site                 ERR           -           
    perm.selfservice          ERR           -           
    build.ecr                 not measured here · its step is in Actions, not in a timeline-           
    stage.migrate             not measured here · its step is in Actions, not in a timeline-           
    suite.db.stage            2 of 2        -           
    suite.api.stage           52 of 52 · 5.8s-           8s
    suite.regression.stage    12 of 12 · 8.7s-           7s
    suite.smoke.stage         2 of 2 · 0.8s -           8s
    gate.human                not measured here · its step is in Actions, not in a timeline-           
    suite.db.prod             2 of 2        -           
    suite.smoke.prod          2 of 2 · 1.6s -           6s
    destroy.stage             8m 10s        -           8m 10s
    destroy.prod              7m 49s        -           7m 49s
    out.devbox                ERR           -           
    out.github                ERR           -           

# watch-page done 2026-08-12T03:11:17.451Z
# watch-page 2026-08-12T05:11:51.961Z
# url https://demo.uveapp.net · every 5s · heartbeat 40s · 1m
# the page is loaded ONCE. Every line below is a re-read of that same tab,
# and "tab-held" is the sentinel saying so. This instrument makes no network
# request of its own, so it cannot warm the edge or spend the page's budget.

2026-08-12 05:11:52Z  tab-held  first frame
    clocks    github … · bucket …
    budget    (none read — the page is on its fallback branch)
    cadence   —
    map       Reading the topology…
    verdict   —

2026-08-12 05:11:57Z  tab-held  CHANGED
    clocks    github 05:11:52 AM · bucket 05:11:52 AM
    budget    GitHub budget: 58 of 60 requests left this hour
    cadence   auto: bucket every 30 s — status and figures, the figures up to a minute behind the write; GitHub every 69 s
    map       Generated from infra/ and tests/. At rest it shows the last cycle that finished, dated 2026-08-11; the map is on the page whether or not anything is running.180 tests are collected from the suites the
    verdict   all 8 succeeded
    stage.vpc               destroyed         ended         —
    stage.secrets           destroyed         ended         —
    stage.rds               destroyed         ended         —
    stage.alb               destroyed         ended         —
    stage.ecs               destroyed         ended         —
    stage.cloudwatch        destroyed         ended         —
    stage.budgets           destroyed         ended         —
    prod.vpc                destroyed         ended         —
    prod.secrets            destroyed         ended         —
    prod.rds                destroyed         ended         —
    prod.alb                destroyed         ended         —
    prod.ecs                destroyed         ended         —
    prod.cloudwatch         destroyed         ended         —
    prod.dnsrec             destroyed         ended         —
    prod.budgets            destroyed         ended         —
    perm.tfstate            —                 —             —
    perm.oidc               —                 —             —
    perm.ecr                —                 —             —
    perm.dns                —                 —             —
    perm.site               —                 —             —
    perm.selfservice        —                 —             —
    build.ecr               not measured here —             —
    stage.migrate           not measured here —             —
    suite.db.stage          passed            —             —
    suite.api.stage         passed            —             5.8s
    suite.regression.stage  passed            —             8.7s
    suite.smoke.stage       passed            —             0.8s
    gate.human              not measured here —             —
    suite.db.prod           passed            —             —
    suite.smoke.prod        passed            —             1.6s
    destroy.stage           measured          —             10s
    destroy.prod            measured          —             49s
    out.devbox              —                 —             —
    out.github              —                 —             —
    (0 of 34 nodes unchanged)

2026-08-12 05:12:37Z  tab-held  heartbeat
    clocks    github 05:11:52 AM · bucket 05:12:23 AM
    budget    GitHub budget: 58 of 60 requests left this hour
    cadence   auto: bucket every 30 s — status and figures, the figures up to a minute behind the write; GitHub every 69 s
    map       Generated from infra/ and tests/. At rest it shows the last cycle that finished, dated 2026-08-11; the map is on the page whether or not anything is running.180 tests are collected from the suites the
    verdict   all 8 succeeded
    stage.vpc               destroyed         ended         —
    stage.secrets           destroyed         ended         —
    stage.rds               destroyed         ended         —
    stage.alb               destroyed         ended         —
    stage.ecs               destroyed         ended         —
    stage.cloudwatch        destroyed         ended         —
    stage.budgets           destroyed         ended         —
    prod.vpc                destroyed         ended         —
    prod.secrets            destroyed         ended         —
    prod.rds                destroyed         ended         —
    prod.alb                destroyed         ended         —
    prod.ecs                destroyed         ended         —
    prod.cloudwatch         destroyed         ended         —
    prod.dnsrec             destroyed         ended         —
    prod.budgets            destroyed         ended         —
    perm.tfstate            —                 —             —
    perm.oidc               —                 —             —
    perm.ecr                —                 —             —
    perm.dns                —                 —             —
    perm.site               —                 —             —
    perm.selfservice        —                 —             —
    build.ecr               not measured here —             —
    stage.migrate           not measured here —             —
    suite.db.stage          passed            —             —
    suite.api.stage         passed            —             5.8s
    suite.regression.stage  passed            —             8.7s
    suite.smoke.stage       passed            —             0.8s
    gate.human              not measured here —             —
    suite.db.prod           passed            —             —
    suite.smoke.prod        passed            —             1.6s
    destroy.stage           measured          —             10s
    destroy.prod            measured          —             49s
    out.devbox              —                 —             —
    out.github              —                 —             —

# watch-page done 2026-08-12T05:12:52.438Z
# watch-page 2026-08-12T05:20:57.507Z
# url https://demo.uveapp.net · every 5s · heartbeat 45s · 1m
# the page is loaded ONCE. Every line below is a re-read of that same tab,
# and "tab-held" is the sentinel saying so. This instrument makes no network
# request of its own, so it cannot warm the edge or spend the page's budget.

2026-08-12 05:20:57Z  tab-held  first frame
    clocks    github … · bucket …
    budget    (none read — the page is on its fallback branch)
    cadence   —
    map       Reading the topology…
    verdict   —

2026-08-12 05:21:02Z  tab-held  CHANGED
    clocks    github 05:20:58 AM · bucket 05:20:57 AM
    budget    GitHub budget: 58 of 60 requests left this hour
    cadence   auto: bucket every 30 s — status and figures, the figures up to a minute behind the write; GitHub every 69 s
    map       Generated from infra/ and tests/. At rest it shows the last cycle that finished, dated 2026-08-11; the map is on the page whether or not anything is running.180 tests are collected from the suites the
    verdict   all 8 succeeded
    stage.vpc               destroyed         ended        —        destroyed · these figures are from the cycle that ended · 24
    stage.secrets           destroyed         ended        —        destroyed · these figures are from the cycle that ended · 8m
    stage.rds               destroyed         ended        —        destroyed · these figures are from the cycle that ended · 8m
    stage.alb               destroyed         ended        —        destroyed · these figures are from the cycle that ended · 3m
    stage.ecs               destroyed         ended        —        destroyed · these figures are from the cycle that ended · 11
    stage.cloudwatch        destroyed         ended        —        destroyed · these figures are from the cycle that ended · 1s
    stage.budgets           destroyed         ended        —        destroyed · these figures are from the cycle that ended · 7s
    prod.vpc                destroyed         ended        —        destroyed · these figures are from the cycle that ended · 23
    prod.secrets            destroyed         ended        —        destroyed · these figures are from the cycle that ended · 8m
    prod.rds                destroyed         ended        —        destroyed · these figures are from the cycle that ended · 8m
    prod.alb                destroyed         ended        —        destroyed · these figures are from the cycle that ended · 3m
    prod.ecs                destroyed         ended        —        destroyed · these figures are from the cycle that ended · 11
    prod.cloudwatch         destroyed         ended        —        destroyed · these figures are from the cycle that ended · 0s
    prod.dnsrec             destroyed         ended        —        destroyed · these figures are from the cycle that ended · 30
    prod.budgets            destroyed         ended        —        destroyed · these figures are from the cycle that ended · 7s
    perm.tfstate            —                 —            —        —
    perm.oidc               —                 —            —        —
    perm.ecr                —                 —            —        —
    perm.dns                —                 —            —        —
    perm.site               —                 —            —        —
    perm.selfservice        —                 —            —        —
    build.ecr               not measured here —            —        not measured here · its step is in Actions, not in a timelin
    stage.migrate           not measured here —            —        not measured here · its step is in Actions, not in a timelin
    suite.db.stage          passed            —            —        2 of 2
    suite.api.stage         passed            —            5.8s     52 of 52 · 5.8s
    suite.regression.stage  passed            —            8.7s     12 of 12 · 8.7s
    suite.smoke.stage       passed            —            0.8s     2 of 2 · 0.8s
    gate.human              not measured here —            —        not measured here · its step is in Actions, not in a timelin
    suite.db.prod           passed            —            —        2 of 2
    suite.smoke.prod        passed            —            1.6s     2 of 2 · 1.6s
    destroy.stage           measured          —            8m 10s   8m 10s
    destroy.prod            measured          —            7m 49s   7m 49s
    out.devbox              —                 —            —        —
    out.github              —                 —            —        —
    (0 of 34 nodes unchanged)

2026-08-12 05:21:47Z  tab-held  heartbeat
    clocks    github 05:20:58 AM · bucket 05:21:28 AM
    budget    GitHub budget: 58 of 60 requests left this hour
    cadence   auto: bucket every 30 s — status and figures, the figures up to a minute behind the write; GitHub every 69 s
    map       Generated from infra/ and tests/. At rest it shows the last cycle that finished, dated 2026-08-11; the map is on the page whether or not anything is running.180 tests are collected from the suites the
    verdict   all 8 succeeded
    stage.vpc               destroyed         ended        —        destroyed · these figures are from the cycle that ended · 24
    stage.secrets           destroyed         ended        —        destroyed · these figures are from the cycle that ended · 8m
    stage.rds               destroyed         ended        —        destroyed · these figures are from the cycle that ended · 8m
    stage.alb               destroyed         ended        —        destroyed · these figures are from the cycle that ended · 3m
    stage.ecs               destroyed         ended        —        destroyed · these figures are from the cycle that ended · 11
    stage.cloudwatch        destroyed         ended        —        destroyed · these figures are from the cycle that ended · 1s
    stage.budgets           destroyed         ended        —        destroyed · these figures are from the cycle that ended · 7s
    prod.vpc                destroyed         ended        —        destroyed · these figures are from the cycle that ended · 23
    prod.secrets            destroyed         ended        —        destroyed · these figures are from the cycle that ended · 8m
    prod.rds                destroyed         ended        —        destroyed · these figures are from the cycle that ended · 8m
    prod.alb                destroyed         ended        —        destroyed · these figures are from the cycle that ended · 3m
    prod.ecs                destroyed         ended        —        destroyed · these figures are from the cycle that ended · 11
    prod.cloudwatch         destroyed         ended        —        destroyed · these figures are from the cycle that ended · 0s
    prod.dnsrec             destroyed         ended        —        destroyed · these figures are from the cycle that ended · 30
    prod.budgets            destroyed         ended        —        destroyed · these figures are from the cycle that ended · 7s
    perm.tfstate            —                 —            —        —
    perm.oidc               —                 —            —        —
    perm.ecr                —                 —            —        —
    perm.dns                —                 —            —        —
    perm.site               —                 —            —        —
    perm.selfservice        —                 —            —        —
    build.ecr               not measured here —            —        not measured here · its step is in Actions, not in a timelin
    stage.migrate           not measured here —            —        not measured here · its step is in Actions, not in a timelin
    suite.db.stage          passed            —            —        2 of 2
    suite.api.stage         passed            —            5.8s     52 of 52 · 5.8s
    suite.regression.stage  passed            —            8.7s     12 of 12 · 8.7s
    suite.smoke.stage       passed            —            0.8s     2 of 2 · 0.8s
    gate.human              not measured here —            —        not measured here · its step is in Actions, not in a timelin
    suite.db.prod           passed            —            —        2 of 2
    suite.smoke.prod        passed            —            1.6s     2 of 2 · 1.6s
    destroy.stage           measured          —            8m 10s   8m 10s
    destroy.prod            measured          —            7m 49s   7m 49s
    out.devbox              —                 —            —        —
    out.github              —                 —            —        —

# watch-page done 2026-08-12T05:21:57.897Z
# watch-page 2026-08-12T05:28:18.106Z
# url https://demo.uveapp.net · every 5s · heartbeat 60s · 1m
# the page is loaded ONCE. Every line below is a re-read of that same tab,
# and "tab-held" is the sentinel saying so. This instrument makes no network
# request of its own, so it cannot warm the edge or spend the page's budget.

2026-08-12 05:28:18Z  tab-held  first frame
    clocks    github … · bucket …
    budget    (none read — the page is on its fallback branch)
    cadence   —
    map       Reading the topology…
    verdict   —

2026-08-12 05:28:23Z  tab-held  CHANGED
    clocks    github 05:28:19 AM · bucket 05:28:18 AM
    budget    GitHub budget: 54 of 60 requests left this hour
    cadence   auto: bucket every 30 s — status and figures, the figures up to a minute behind the write; GitHub every 60 s
    map       Generated from infra/ and tests/. At rest it shows the last cycle that finished, dated 2026-08-11; the map is on the page whether or not anything is running.180 tests are collected from the suites the
    verdict   all 8 succeeded
    stage.vpc               destroyed         ended        24s      destroyed · these figures are from the cycle that ended · 24
    stage.secrets           destroyed         ended        8m 36s   destroyed · these figures are from the cycle that ended · 8m
    stage.rds               destroyed         ended        8m 36s   destroyed · these figures are from the cycle that ended · 8m
    stage.alb               destroyed         ended        3m 14s   destroyed · these figures are from the cycle that ended · 3m
    stage.ecs               destroyed         ended        11s      destroyed · these figures are from the cycle that ended · 11
    stage.cloudwatch        destroyed         ended        1s       destroyed · these figures are from the cycle that ended · 1s
    stage.budgets           destroyed         ended        7s       destroyed · these figures are from the cycle that ended · 7s
    prod.vpc                destroyed         ended        23s      destroyed · these figures are from the cycle that ended · 23
    prod.secrets            destroyed         ended        8m 16s   destroyed · these figures are from the cycle that ended · 8m
    prod.rds                destroyed         ended        8m 15s   destroyed · these figures are from the cycle that ended · 8m
    prod.alb                destroyed         ended        3m 3s    destroyed · these figures are from the cycle that ended · 3m
    prod.ecs                destroyed         ended        11s      destroyed · these figures are from the cycle that ended · 11
    prod.cloudwatch         destroyed         ended        0s       destroyed · these figures are from the cycle that ended · 0s
    prod.dnsrec             destroyed         ended        30s      destroyed · these figures are from the cycle that ended · 30
    prod.budgets            destroyed         ended        7s       destroyed · these figures are from the cycle that ended · 7s
    perm.tfstate            —                 —            —        —
    perm.oidc               —                 —            —        —
    perm.ecr                —                 —            —        —
    perm.dns                —                 —            —        —
    perm.site               —                 —            —        —
    perm.selfservice        —                 —            —        —
    build.ecr               not measured here —            —        not measured here · its step is in Actions, not in a timelin
    stage.migrate           not measured here —            —        not measured here · its step is in Actions, not in a timelin
    suite.db.stage          passed            —            —        2 of 2
    suite.api.stage         passed            —            5.8s     52 of 52 · 5.8s
    suite.regression.stage  passed            —            8.7s     12 of 12 · 8.7s
    suite.smoke.stage       passed            —            0.8s     2 of 2 · 0.8s
    gate.human              not measured here —            —        not measured here · its step is in Actions, not in a timelin
    suite.db.prod           passed            —            —        2 of 2
    suite.smoke.prod        passed            —            1.6s     2 of 2 · 1.6s
    destroy.stage           measured          —            8m 10s   8m 10s
    destroy.prod            measured          —            7m 49s   7m 49s
    out.devbox              —                 —            —        —
    out.github              —                 —            —        —
    (0 of 34 nodes unchanged)

# watch-page done 2026-08-12T05:29:18.475Z
